Already on 'zayaan/feat/order-engine'
M	.github/workflows/ci.yml
M	CMakeLists.txt
M	CMakePresets.json
M	README.md
M	docs/architecture.md
M	docs/audit.md
M	docs/benchmarks.md
M	include/itch/messages.hpp
M	include/replay/replay.hpp
M	src/main.cpp
M	src/parser.cpp
M	src/replay.cpp
M	tests/tests.cpp
Your branch is up to date with 'origin/zayaan/feat/order-engine'.
[zayaan/feat/order-engine ebd03b7] feat: implement NASDAQ ITCH order book engine
 21 files changed, 1259 insertions(+), 59 deletions(-)
 create mode 100644 commit-and-push.log
 create mode 100644 include/itch/moldudp64.hpp
 create mode 100644 include/queue/spsc_ring.hpp
 create mode 100644 include/replay/pcap.hpp
 create mode 100644 src/moldudp64.cpp
 create mode 100644 src/pcap.cpp
 create mode 100755 tools/commit_and_push.sh
 create mode 100755 tools/perf_stat.sh
ssh: Could not resolve hostname github.com: Name or service not known
fatal: Could not read from remote repository.

Please make sure you have the correct access rights
and the repository exists.
